[2025-08-15 22:47:41,437] root                                               [DEBUG  ]  Logging to file: /tmp/tmpj0rrxjgd/multiqc.log
[2025-08-15 22:47:41,438] multiqc.core.update_config                         [DEBUG  ]  This is MultiQC v1.29
[2025-08-15 22:47:41,438] multiqc.core.update_config                         [DEBUG  ]  Running Python 3.13.3 | packaged by conda-forge | (main, Apr 14 2025, 20:44:03) [GCC 13.3.0]
[2025-08-15 22:47:41,647] multiqc.config                                     [INFO   ]  Loading config settings from: multiqc_config.yml
[2025-08-15 22:47:41,647] multiqc.config                                     [DEBUG  ]  New config: {'report_comment': 'This report has been generated by the <a href="https://github.com/nf-core/tfdataqctwo/tree/dev" target="_blank">nf-core/tfdataqctwo</a> analysis pipeline. For information about how to interpret these results, please see the <a href="https://nf-co.re/tfdataqctwo/dev/docs/output" target="_blank">documentation</a>.\n', 'report_section_order': {'nf-core-tfdataqctwo-methods-description': {'order': -1000}, 'software_versions': {'order': -1001}, 'nf-core-tfdataqctwo-summary': {'order': -1002}}, 'export_plots': True, 'disable_version_detection': True}
[2025-08-15 22:47:41,655] urllib3.connectionpool                             [DEBUG  ]  Starting new HTTPS connection (1): api.multiqc.info:443
[2025-08-15 22:47:41,816] urllib3.connectionpool                             [DEBUG  ]  https://api.multiqc.info:443 "GET /version?version_multiqc=1.29&version_python=3.13.3&operating_system=Linux&is_docker=False&is_singularity=True&is_conda=True&is_ci=False&is_notebook=False&ai_summary=False&ai_summary_full=False&ai_provider=seqera HTTP/1.1" 200 178
[2025-08-15 22:47:41,817] multiqc.core.version_check                         [WARNING]  MultiQC Version v1.30 now available!
[2025-08-15 22:47:41,817] multiqc.core.version_check                         [DEBUG  ]  Latest MultiQC version is v1.30, released 2025-07-09
[2025-08-15 22:47:41,817] multiqc.multiqc                                    [DEBUG  ]  Working dir : /mnt/scratch/users/pwg519/tfdataqc-2/work/4d/ecc7d47e5f2dc17902c3c59c6b1962
[2025-08-15 22:47:41,817] multiqc.multiqc                                    [DEBUG  ]  Template    : default
[2025-08-15 22:47:41,817] multiqc.multiqc                                    [DEBUG  ]  Command used: /usr/local/bin/multiqc --force --config multiqc_config.yml .
[2025-08-15 22:47:41,817] multiqc.core.file_search                           [INFO   ]  Search path: /mnt/scratch/users/pwg519/tfdataqc-2/work/4d/ecc7d47e5f2dc17902c3c59c6b1962
[2025-08-15 22:47:41,818] multiqc.core.file_search                           [DEBUG  ]  Analysing modules: bases2fastq, cellranger_arc, cells2stats, custom_content, ccs, ngsderive, purple, conpair, isoseq, lima, peddy, percolator, haplocheck, somalier, methylqa, mosdepth, phantompeakqualtools, qualimap, bamdst, preseq, hifiasm, quast, qorts, rna_seqc, rockhopper, rsem, rseqc, busco, checkm, bustools, goleft_indexcov, gffcompare, disambiguate, supernova, deeptools, sargasso, verifybamid, mirtrace, happy, mirtop, glimpse, gopeaks, homer, hops, macs2, theta2, snpeff, gatk, htseq, bcftools, featurecounts, fgbio, dragen, dragen_fastqc, dedup, pbmarkdup, damageprofiler, mapdamage, biobambam2, jcvi, mtnucratio, picard, vep, bakta, prokka, checkm2, qc3C, nanoq, nanostat, samblaster, samtools, bamtools, sambamba, ngsbits, pairtools, sexdeterrmine, seqera_cli, eigenstratdatabasetools, jellyfish, vcftools, longranger, stacks, varscan2, snippy, umicollapse, umitools, truvari, megahit, ganon, gtdbtk, bbmap, bismark, biscuit, diamond, hicexplorer, hicup, hicpro, salmon, kallisto, slamdunk, star, hisat2, tophat, bowtie2, bowtie1, hostile, cellranger, snpsplit, odgi, vg, pangolin, nextclade, freyja, humid, kat, leehom, librarian, nonpareil, adapterremoval, bbduk, clipandmerge, cutadapt, flexbar, sourmash, kaiju, kraken, malt, motus, trimmomatic, sickle, skewer, sortmerna, biobloomtools, fastq_screen, afterqc, fastp, fastqc, sequali, filtlong, prinseqplusplus, pychopper, porechop, pycoqc, minionqc, anglerfish, multivcfanalyzer, clusterflow, checkqc, bcl2fastq, bclconvert, interop, ivar, flash, seqyclean, optitype, whatshap, spaceranger, xenome, xengsort, metaphlan, seqwho, telseq, ataqv, mgikit, mosaicatcher, software_versions
[2025-08-15 22:47:41,818] multiqc.core.file_search                           [DEBUG  ]  Search keys: adapterremoval, afterqc, anglerfish, ataqv, bakta, bamdst, bamtools, bases2fastq, bbduk, bbmap, bcftools, bcl2fastq, bclconvert, biobambam2, biobloomtools, biscuit, bismark, bowtie1, bowtie2, busco, bustools, ccs, cellranger, cellranger_arc, cells2stats, checkm, checkm2, checkqc, clipandmerge, clusterflow, conpair, custom_content, cutadapt, damageprofiler, dedup, deeptools, diamond, disambiguate, dragen, dragen_fastqc, eigenstratdatabasetools, fastp, fastq_screen, fastqc, featurecounts, fgbio, filtlong, flash, flexbar, freyja, ganon, gatk, gffcompare, glimpse, goleft_indexcov, gopeaks, gtdbtk, haplocheck, happy, hicexplorer, hicpro, hicup, hifiasm, hisat2, homer, hops, hostile, htseq, humid, interop, isoseq, ivar, jcvi, jellyfish, kaiju, kallisto, kat, kraken, leehom, librarian, lima, longranger, macs2, malt, mapdamage, megahit, metaphlan, methylqa, mgikit, minionqc, mirtop, mirtrace, mosaicatcher, mosdepth, motus, mtnucratio, multiqc_data, multivcfanalyzer, nanoq, nanostat, nextclade, ngsbits, ngsderive, nonpareil, odgi, optitype, pairtools, pangolin, pbmarkdup, peddy, percolator, phantompeakqualtools, picard, porechop, preseq, prinseqplusplus, prokka, purple, pychopper, pycoqc, qc3C, qorts, qualimap, quast, rna_seqc, rockhopper, rsem, rseqc, salmon, sambamba, samblaster, samtools, sargasso, seqera_cli, sequali, seqwho, seqyclean, sexdeterrmine, sickle, skewer, slamdunk, snippy, snpeff, snpsplit, software_versions, somalier, sortmerna, sourmash, spaceranger, stacks, star, supernova, telseq, theta2, tophat, trimmomatic, truvari, umicollapse, umitools, varscan2, vcftools, vep, verifybamid, vg, whatshap, xengsort, xenome
[2025-08-15 22:47:41,963] multiqc.report                                     [DEBUG  ]  Summary of files that were skipped by the search: |skipped_no_match: 8|, |skipped_module_specific_max_filesize: 1|
[2025-08-15 22:47:41,964] multiqc.core.exec_modules                          [DEBUG  ]  Running module: custom_content
[2025-08-15 22:47:41,979] multiqc.core.special_case_modules.custom_content   [INFO   ]  nf-core-tfdataqctwo-methods-description: Found 1 sample (html)
[2025-08-15 22:47:41,979] multiqc.core.special_case_modules.custom_content   [INFO   ]  nf-core-tfdataqctwo-summary: Found 1 sample (html)
[2025-08-15 22:47:41,979] multiqc.core.exec_modules                          [DEBUG  ]  Running module: fastqc
[2025-08-15 22:47:42,008] multiqc.modules.fastqc.fastqc                      [INFO   ]  Found 6 reports
[2025-08-15 22:47:42,673] multiqc.report                                     [DEBUG  ]  Wrote data file multiqc_fastqc.txt
[2025-08-15 22:47:42,674] multiqc.report                                     [DEBUG  ]  Wrote data file multiqc_fastqc.json
[2025-08-15 22:47:42,675] multiqc.base_module                                [DEBUG  ]  fastqc: deleting attribute self.order_of_duplication_levels
[2025-08-15 22:47:42,675] multiqc.base_module                                [DEBUG  ]  fastqc: deleting attribute self.status_colours
[2025-08-15 22:47:42,675] multiqc.core.software_versions                     [DEBUG  ]  Reading software versions from config.software_versions
[2025-08-15 22:47:42,675] multiqc.core.software_versions                     [DEBUG  ]  Reading software versions settings from: 9/nf_core_tfdataqctwo_software_mqc_versions.yml
[2025-08-15 22:47:42,687] multiqc.report                                     [DEBUG  ]  Wrote data file multiqc_software_versions.txt
[2025-08-15 22:47:42,687] multiqc.core.order_modules_and_sections            [DEBUG  ]  config.report_section_order: module 'software_versions' not found.
[2025-08-15 22:47:42,687] multiqc.core.write_results                         [INFO   ]  Rendering plots. Export plots to formats png, svg, pdf is requested, so it might take a while. To disable plot export, set `export_plots: false` in config, or remove the `--export-plots` command line flag
[2025-08-15 22:47:49,809] multiqc.report                                     [DEBUG  ]  Wrote data file multiqc_general_stats.txt
[2025-08-15 22:47:49,809] multiqc.report                                     [DEBUG  ]  Wrote data file multiqc_general_stats.json
[2025-08-15 22:47:49,856] multiqc.core.write_results                         [DEBUG  ]  Exporting plot data to files
[2025-08-15 22:47:49,856] multiqc.report                                     [DEBUG  ]  Wrote data file fastqc_sequence_counts_plot.txt
[2025-08-15 22:47:49,857] multiqc.report                                     [DEBUG  ]  Wrote data file fastqc_per_base_sequence_quality_plot.txt
[2025-08-15 22:47:49,857] multiqc.report                                     [DEBUG  ]  Wrote data file fastqc_per_sequence_quality_scores_plot.txt
[2025-08-15 22:47:49,858] multiqc.report                                     [DEBUG  ]  Wrote data file fastqc_per_sequence_gc_content_plot_Percentages.txt
[2025-08-15 22:47:49,859] multiqc.report                                     [DEBUG  ]  Wrote data file fastqc_per_sequence_gc_content_plot_Counts.txt
[2025-08-15 22:47:49,860] multiqc.report                                     [DEBUG  ]  Wrote data file fastqc_per_base_n_content_plot.txt
[2025-08-15 22:47:49,860] multiqc.report                                     [DEBUG  ]  Wrote data file fastqc_sequence_length_distribution_plot.txt
[2025-08-15 22:47:49,861] multiqc.report                                     [DEBUG  ]  Wrote data file fastqc_sequence_duplication_levels_plot.txt
[2025-08-15 22:47:49,861] multiqc.report                                     [DEBUG  ]  Wrote data file fastqc_overrepresented_sequences_plot.txt
[2025-08-15 22:47:49,861] multiqc.report                                     [DEBUG  ]  Wrote data file fastqc_top_overrepresented_sequences_table.txt
[2025-08-15 22:47:49,861] multiqc.report                                     [DEBUG  ]  Wrote data file fastqc-status-check-heatmap.txt
[2025-08-15 22:47:49,861] multiqc.core.write_results                         [DEBUG  ]  Moving data file from '/tmp/tmpj0rrxjgd/multiqc_data' to '/mnt/scratch/users/pwg519/tfdataqc-2/work/4d/ecc7d47e5f2dc17902c3c59c6b1962/multiqc_data'
[2025-08-15 22:47:50,159] multiqc.core.write_results                         [INFO   ]  Data        : multiqc_data
[2025-08-15 22:47:50,259] multiqc.core.write_results                         [DEBUG  ]  Compressing plot data
[2025-08-15 22:47:50,385] multiqc.core.write_results                         [INFO   ]  Report      : multiqc_report.html
[2025-08-15 22:47:50,385] multiqc.core.write_results                         [DEBUG  ]  Moving plots directory from '/tmp/tmpj0rrxjgd/multiqc_plots' to '/mnt/scratch/users/pwg519/tfdataqc-2/work/4d/ecc7d47e5f2dc17902c3c59c6b1962/multiqc_plots'
[2025-08-15 22:47:50,720] multiqc.core.write_results                         [INFO   ]  Plots       : multiqc_plots
[2025-08-15 22:47:50,721] multiqc.core.write_results                         [DEBUG  ]  Report HTML written to /mnt/scratch/users/pwg519/tfdataqc-2/work/4d/ecc7d47e5f2dc17902c3c59c6b1962/multiqc_report.html
